2018-01-12 19:25:09,124 - taskPoll - INFO - Thread Start
2018-01-12 19:25:09,125 - taskComm - INFO - Thread Start
2018-01-12 19:25:10,130 - taskMain - INFO - Thread Start
2018-01-12 19:25:36,547 - taskPoll - INFO - Thread Start
2018-01-12 19:25:36,548 - taskComm - INFO - Thread Start
2018-01-12 19:25:37,553 - taskMain - INFO - Thread Start
2018-01-12 19:26:28,851 - taskPoll - INFO - Thread Start
2018-01-12 19:26:28,852 - taskComm - INFO - Thread Start
2018-01-12 19:26:29,856 - taskMain - INFO - Thread Start
2018-01-12 19:26:55,839 - taskPoll - INFO - Thread Start
2018-01-12 19:26:55,840 - taskComm - INFO - Thread Start
2018-01-12 19:26:56,844 - taskMain - INFO - Thread Start
2018-01-12 19:27:14,859 - taskPoll - INFO - Thread Start
2018-01-12 19:27:14,864 - taskComm - INFO - Thread Start
2018-01-12 19:27:15,867 - taskMain - INFO - Thread Start
2018-01-12 19:27:33,048 - taskPoll - INFO - Thread Start
2018-01-12 19:27:33,049 - taskComm - INFO - Thread Start
2018-01-12 19:27:34,053 - taskMain - INFO - Thread Start
2018-01-12 19:28:09,731 - taskPoll - INFO - Thread Start
2018-01-12 19:28:09,733 - taskComm - INFO - Thread Start
2018-01-12 19:28:10,736 - taskMain - INFO - Thread Start
2018-01-12 19:29:13,432 - taskPoll - INFO - Thread Start
2018-01-12 19:29:13,433 - taskComm - INFO - Thread Start
2018-01-12 19:29:14,436 - taskMain - INFO - Thread Start
2018-01-12 19:29:34,576 - taskPoll - INFO - Thread Start
2018-01-12 19:29:34,577 - taskComm - INFO - Thread Start
2018-01-12 19:29:35,582 - taskMain - INFO - Thread Start
2018-01-12 19:30:11,736 - taskPoll - INFO - Thread Start
2018-01-12 19:30:11,737 - taskComm - INFO - Thread Start
2018-01-12 19:30:12,740 - taskMain - INFO - Thread Start
2018-01-12 19:32:32,201 - taskPoll - INFO - Thread Start
2018-01-12 19:32:32,202 - taskComm - INFO - Thread Start
2018-01-12 19:32:33,207 - taskMain - INFO - Thread Start
2018-01-12 19:38:27,654 - taskPoll - INFO - Thread Start
2018-01-12 19:38:27,655 - taskComm - INFO - Thread Start
2018-01-12 19:38:28,658 - taskMain - INFO - Thread Start
2018-01-12 19:39:14,527 - taskPoll - INFO - Thread Start
2018-01-12 19:39:14,528 - taskComm - INFO - Thread Start
2018-01-12 19:39:15,532 - taskMain - INFO - Thread Start
2018-01-12 19:40:19,541 - taskPoll - INFO - Thread Start
2018-01-12 19:40:19,541 - taskComm - INFO - Thread Start
2018-01-12 19:40:20,545 - taskMain - INFO - Thread Start
2018-01-12 19:41:04,648 - taskPoll - INFO - Thread Start
2018-01-12 19:41:04,648 - taskComm - INFO - Thread Start
2018-01-12 19:41:05,652 - taskMain - INFO - Thread Start
2018-01-12 19:41:28,265 - taskPoll - INFO - Thread Start
2018-01-12 19:41:28,266 - taskComm - INFO - Thread Start
2018-01-12 19:41:29,269 - taskMain - INFO - Thread Start
2018-01-12 19:41:39,426 - taskPoll - INFO - Thread Start
2018-01-12 19:41:39,428 - taskComm - INFO - Thread Start
2018-01-12 19:41:40,431 - taskMain - INFO - Thread Start
2018-01-12 19:42:02,660 - taskPoll - INFO - Thread Start
2018-01-12 19:42:02,661 - taskComm - INFO - Thread Start
2018-01-12 19:42:03,665 - taskMain - INFO - Thread Start
2018-01-12 19:42:11,929 - taskPoll - INFO - Thread Start
2018-01-12 19:42:11,931 - taskComm - INFO - Thread Start
2018-01-12 19:42:12,934 - taskMain - INFO - Thread Start
2018-01-12 19:42:54,934 - taskPoll - INFO - Thread Start
2018-01-12 19:42:54,936 - taskComm - INFO - Thread Start
2018-01-12 19:42:55,939 - taskMain - INFO - Thread Start
2018-01-12 19:43:13,314 - taskPoll - INFO - Thread Start
2018-01-12 19:43:13,315 - taskComm - INFO - Thread Start
2018-01-12 19:43:14,318 - taskMain - INFO - Thread Start
2018-01-12 19:44:02,463 - taskPoll - INFO - Thread Start
2018-01-12 19:44:02,464 - taskComm - INFO - Thread Start
2018-01-12 19:44:03,467 - taskMain - INFO - Thread Start
2018-01-12 19:44:11,371 - taskPoll - INFO - Thread Start
2018-01-12 19:44:11,372 - taskComm - INFO - Thread Start
2018-01-12 19:44:12,375 - taskMain - INFO - Thread Start
2018-01-12 19:44:49,691 - taskPoll - INFO - Thread Start
2018-01-12 19:44:49,692 - taskComm - INFO - Thread Start
2018-01-12 19:44:50,696 - taskMain - INFO - Thread Start
2018-01-12 19:45:14,928 - taskPoll - INFO - Thread Start
2018-01-12 19:45:14,930 - taskComm - INFO - Thread Start
2018-01-12 19:45:15,933 - taskMain - INFO - Thread Start
2018-01-12 19:45:56,730 - taskPoll - INFO - Thread Start
2018-01-12 19:45:56,731 - taskComm - INFO - Thread Start
2018-01-12 19:45:57,734 - taskMain - INFO - Thread Start
2018-01-12 19:48:09,669 - taskPoll - INFO - Thread Start
2018-01-12 19:48:09,669 - taskComm - INFO - Thread Start
2018-01-12 19:48:10,673 - taskMain - INFO - Thread Start
2018-01-12 19:48:17,874 - taskPoll - INFO - Thread Start
2018-01-12 19:48:17,875 - taskComm - INFO - Thread Start
2018-01-12 19:48:18,878 - taskMain - INFO - Thread Start
2018-01-12 19:48:46,439 - taskPoll - INFO - Thread Start
2018-01-12 19:48:46,440 - taskComm - INFO - Thread Start
2018-01-12 19:48:47,444 - taskMain - INFO - Thread Start
2018-01-12 19:49:13,089 - taskPoll - INFO - Thread Start
2018-01-12 19:49:13,091 - taskComm - INFO - Thread Start
2018-01-12 19:49:14,094 - taskMain - INFO - Thread Start
2018-01-15 17:26:59,641 - taskPoll - INFO - Thread Start
2018-01-15 17:26:59,652 - taskComm - INFO - Thread Start
2018-01-15 17:27:00,657 - taskMain - INFO - Thread Start
2018-01-15 17:27:16,850 - taskPoll - INFO - Thread Start
2018-01-15 17:27:16,852 - taskComm - INFO - Thread Start
2018-01-15 17:27:17,857 - taskMain - INFO - Thread Start
2018-01-15 17:27:22,045 - taskPoll - INFO - Thread Start
2018-01-15 17:27:22,049 - taskComm - INFO - Thread Start
2018-01-15 17:27:23,055 - taskMain - INFO - Thread Start
2018-01-15 17:27:27,228 - taskPoll - INFO - Thread Start
2018-01-15 17:27:27,230 - taskComm - INFO - Thread Start
2018-01-15 17:27:28,238 - taskMain - INFO - Thread Start
2018-01-15 17:28:08,224 - taskPoll - INFO - Thread Start
2018-01-15 17:28:08,226 - taskComm - INFO - Thread Start
2018-01-15 17:28:09,231 - taskMain - INFO - Thread Start
2018-01-15 17:32:48,559 - taskPoll - INFO - Thread Start
2018-01-15 17:32:48,561 - taskComm - INFO - Thread Start
2018-01-15 17:32:49,565 - taskMain - INFO - Thread Start
2018-01-15 17:35:08,334 - taskPoll - INFO - Thread Start
2018-01-15 17:35:08,336 - taskComm - INFO - Thread Start
2018-01-15 17:35:09,340 - taskMain - INFO - Thread Start
2018-01-15 17:35:12,041 - taskMain - INFO - Send Stop Signal
2018-01-15 17:35:16,840 - taskPoll - INFO - Thread Start
2018-01-15 17:35:16,841 - taskComm - INFO - Thread Start
2018-01-15 17:35:17,844 - taskMain - INFO - Thread Start
2018-01-15 17:36:10,689 - taskPoll - INFO - Thread Start
2018-01-15 17:36:10,691 - taskComm - INFO - Thread Start
2018-01-15 17:36:11,694 - taskMain - INFO - Thread Start
2018-01-15 17:36:22,842 - taskPoll - INFO - Thread Start
2018-01-15 17:36:22,844 - taskComm - INFO - Thread Start
2018-01-15 17:36:23,847 - taskMain - INFO - Thread Start
2018-01-15 18:57:28,457 - taskPoll - INFO - Thread Start
2018-01-15 18:57:28,459 - taskComm - INFO - Thread Start
2018-01-15 18:57:29,462 - taskMain - INFO - Thread Start
2018-01-15 19:02:17,741 - taskPoll - INFO - Thread Start
2018-01-15 19:02:17,742 - taskComm - INFO - Thread Start
2018-01-15 19:02:18,745 - taskMain - INFO - Thread Start
2018-01-15 19:05:37,953 - taskPoll - INFO - Thread Start
2018-01-15 19:05:37,954 - taskComm - INFO - Thread Start
2018-01-15 19:05:38,957 - taskMain - INFO - Thread Start
2018-01-15 19:06:29,697 - taskPoll - INFO - Thread Start
2018-01-15 19:06:29,698 - taskComm - INFO - Thread Start
2018-01-15 19:06:30,702 - taskMain - INFO - Thread Start
2018-01-15 19:08:21,948 - taskPoll - INFO - Thread Start
2018-01-15 19:08:21,950 - taskComm - INFO - Thread Start
2018-01-15 19:08:22,953 - taskMain - INFO - Thread Start
2018-01-15 19:08:44,755 - taskPoll - INFO - Thread Start
2018-01-15 19:08:44,756 - taskComm - INFO - Thread Start
2018-01-15 19:08:45,759 - taskMain - INFO - Thread Start
2018-01-15 19:10:09,129 - taskPoll - INFO - Thread Start
2018-01-15 19:10:09,130 - taskComm - INFO - Thread Start
2018-01-15 19:10:10,133 - taskMain - INFO - Thread Start
2018-01-15 19:10:23,403 - taskPoll - INFO - Thread Start
2018-01-15 19:10:23,403 - taskComm - INFO - Thread Start
2018-01-15 19:10:24,407 - taskMain - INFO - Thread Start
2018-01-15 19:12:38,577 - taskPoll - INFO - Thread Start
2018-01-15 19:12:38,579 - taskComm - INFO - Thread Start
2018-01-15 19:12:39,582 - taskMain - INFO - Thread Start
2018-01-15 19:12:43,606 - taskMain - INFO - Send Stop Signal
2018-01-15 19:12:50,131 - taskPoll - INFO - Thread Start
2018-01-15 19:12:50,133 - taskComm - INFO - Thread Start
2018-01-15 19:12:51,136 - taskMain - INFO - Thread Start
2018-01-15 19:14:23,234 - taskPoll - INFO - Thread Start
2018-01-15 19:14:23,235 - taskComm - INFO - Thread Start
2018-01-15 19:14:24,246 - taskMain - INFO - Thread Start
2018-01-15 19:20:22,587 - taskPoll - INFO - Thread Start
2018-01-15 19:20:22,588 - taskComm - INFO - Thread Start
2018-01-15 19:20:23,591 - taskMain - INFO - Thread Start
2018-01-15 19:21:08,471 - taskPoll - INFO - Thread Start
2018-01-15 19:21:08,473 - taskComm - INFO - Thread Start
2018-01-15 19:21:09,476 - taskMain - INFO - Thread Start
2018-01-15 19:21:13,530 - taskMain - INFO - Send Stop Signal
2018-01-15 19:24:56,667 - taskPoll - INFO - Thread Start
2018-01-15 19:24:56,668 - taskComm - INFO - Thread Start
2018-01-15 19:24:57,671 - taskMain - INFO - Thread Start
2018-01-15 19:25:02,811 - taskMain - INFO - Send Stop Signal
2018-01-15 19:25:13,757 - taskPoll - INFO - Thread Start
2018-01-15 19:25:13,758 - taskComm - INFO - Thread Start
2018-01-15 19:25:14,769 - taskMain - INFO - Thread Start
2018-01-15 19:25:45,035 - taskPoll - INFO - Thread Start
2018-01-15 19:25:45,037 - taskComm - INFO - Thread Start
2018-01-15 19:25:46,040 - taskMain - INFO - Thread Start
2018-01-15 19:27:08,172 - taskPoll - INFO - Thread Start
2018-01-15 19:27:08,173 - taskComm - INFO - Thread Start
2018-01-15 19:27:09,176 - taskMain - INFO - Thread Start
2018-01-15 19:27:14,154 - taskMain - INFO - Send Stop Signal
2018-01-15 19:27:26,570 - taskPoll - INFO - Thread Start
2018-01-15 19:27:26,571 - taskComm - INFO - Thread Start
2018-01-15 19:27:27,574 - taskMain - INFO - Thread Start
2018-01-15 19:27:35,867 - taskMain - INFO - Send Stop Signal
2018-01-15 19:29:50,983 - taskPoll - INFO - Thread Start
2018-01-15 19:29:50,985 - taskComm - INFO - Thread Start
2018-01-15 19:29:51,988 - taskMain - INFO - Thread Start
2018-01-15 19:30:12,850 - taskPoll - INFO - Thread Start
2018-01-15 19:30:12,851 - taskComm - INFO - Thread Start
2018-01-15 19:30:13,854 - taskMain - INFO - Thread Start
2018-01-15 19:30:51,153 - taskPoll - INFO - Thread Start
2018-01-15 19:30:51,154 - taskComm - INFO - Thread Start
2018-01-15 19:30:52,158 - taskMain - INFO - Thread Start
2018-01-15 19:39:35,278 - taskPoll - INFO - Thread Start
2018-01-15 19:39:35,284 - taskComm - INFO - Thread Start
2018-01-15 19:39:36,288 - taskMain - INFO - Thread Start
2018-01-15 19:39:38,921 - taskPoll - INFO - Thread Start
2018-01-15 19:39:38,923 - taskComm - INFO - Thread Start
2018-01-15 19:39:39,926 - taskMain - INFO - Thread Start
2018-01-15 19:40:06,741 - taskPoll - INFO - Thread Start
2018-01-15 19:40:06,743 - taskComm - INFO - Thread Start
2018-01-15 19:40:07,746 - taskMain - INFO - Thread Start
2018-01-15 19:40:18,741 - taskPoll - INFO - Thread Start
2018-01-15 19:40:18,743 - taskComm - INFO - Thread Start
2018-01-15 19:40:19,746 - taskMain - INFO - Thread Start
2018-01-15 19:43:03,749 - taskPoll - INFO - Thread Start
2018-01-15 19:43:03,750 - taskComm - INFO - Thread Start
2018-01-15 19:43:04,755 - taskMain - INFO - Thread Start
2018-01-15 19:43:08,942 - taskPoll - INFO - Thread Start
2018-01-15 19:43:08,943 - taskComm - INFO - Thread Start
2018-01-15 19:43:09,946 - taskMain - INFO - Thread Start
2018-01-15 19:46:23,727 - taskPoll - INFO - Thread Start
2018-01-15 19:46:23,728 - taskComm - INFO - Thread Start
2018-01-15 19:46:24,731 - taskMain - INFO - Thread Start
2018-01-15 19:47:56,870 - taskPoll - INFO - Thread Start
2018-01-15 19:47:56,871 - taskComm - INFO - Thread Start
2018-01-15 19:47:57,874 - taskMain - INFO - Thread Start
2018-01-16 12:59:43,554 - taskPoll - INFO - Thread Start
2018-01-16 12:59:43,556 - taskComm - INFO - Thread Start
2018-01-16 12:59:44,559 - taskMain - INFO - Thread Start
2018-01-16 13:00:09,301 - taskMain - INFO - Send Stop Signal
2018-01-16 13:00:18,646 - taskPoll - INFO - Thread Start
2018-01-16 13:00:18,647 - taskComm - INFO - Thread Start
2018-01-16 13:00:19,651 - taskMain - INFO - Thread Start
2018-01-16 16:02:22,206 - taskPoll - INFO - Thread Start
2018-01-16 16:02:22,207 - taskComm - INFO - Thread Start
2018-01-16 16:02:23,211 - taskMain - INFO - Thread Start
2018-01-16 16:05:06,213 - taskPoll - INFO - Thread Start
2018-01-16 16:05:06,213 - taskComm - INFO - Thread Start
2018-01-16 16:05:07,217 - taskMain - INFO - Thread Start
2018-01-16 16:07:30,787 - taskPoll - INFO - Thread Start
2018-01-16 16:07:30,788 - taskComm - INFO - Thread Start
2018-01-16 16:07:31,791 - taskMain - INFO - Thread Start
2018-01-16 16:09:03,346 - taskPoll - INFO - Thread Start
2018-01-16 16:09:03,347 - taskComm - INFO - Thread Start
2018-01-16 16:09:04,350 - taskMain - INFO - Thread Start
2018-01-16 16:09:35,889 - taskPoll - INFO - Thread Start
2018-01-16 16:09:35,890 - taskComm - INFO - Thread Start
2018-01-16 16:09:36,893 - taskMain - INFO - Thread Start
2018-01-16 16:10:37,277 - taskPoll - INFO - Thread Start
2018-01-16 16:10:37,278 - taskComm - INFO - Thread Start
2018-01-16 16:10:38,281 - taskMain - INFO - Thread Start
2018-01-16 16:10:46,505 - taskPoll - INFO - Thread Start
2018-01-16 16:10:46,506 - taskComm - INFO - Thread Start
2018-01-16 16:10:47,509 - taskMain - INFO - Thread Start
2018-01-22 14:51:29,061 - taskMain - INFO - Thread Start
2018-01-22 14:51:33,374 - taskMain - INFO - Runner Stop
2018-01-22 14:53:37,918 - taskMain - INFO - Thread Start
2018-01-22 14:53:56,968 - taskMain - INFO - Thread Start
2018-01-22 14:53:59,475 - taskMain - INFO - Runner Stop
2018-01-22 14:54:10,076 - taskMain - INFO - Thread Start
2018-01-22 14:54:12,382 - taskMain - INFO - Runner Stop
2018-01-22 14:56:19,236 - taskMain - INFO - Thread Start
2018-01-22 14:56:22,847 - taskMain - INFO - Runner Stop
2018-01-22 14:58:45,333 - taskMain - INFO - Thread Start
2018-01-22 14:59:10,962 - taskMain - INFO - Thread Start
2018-01-22 15:00:12,178 - taskMain - INFO - Thread Start
2018-01-22 15:00:54,954 - taskMain - INFO - Runner Stop
2018-01-22 15:01:23,384 - taskMain - INFO - Thread Start
2018-01-22 15:01:35,408 - taskMain - INFO - Runner Stop
2018-01-22 15:02:06,859 - taskMain - INFO - Thread Start
2018-01-22 15:02:27,364 - taskMain - INFO - Thread Start
2018-01-22 15:02:47,542 - taskMain - INFO - Thread Start
2018-01-22 15:03:32,219 - taskMain - INFO - Runner Stop
2018-01-22 15:04:14,611 - taskMain - INFO - Thread Start
2018-01-22 15:04:23,732 - taskMain - INFO - Runner Stop
2018-01-22 15:05:16,495 - taskMain - INFO - Thread Start
2018-01-22 15:06:21,341 - taskMain - INFO - Thread Start
2018-01-22 15:06:29,358 - taskMain - INFO - Runner Stop
2018-01-22 15:11:31,186 - taskMain - INFO - Thread Start
2018-01-22 15:11:45,417 - taskMain - INFO - Runner Stop
2018-01-22 15:13:40,088 - taskMain - INFO - Thread Start
2018-01-22 15:13:44,098 - taskMain - INFO - Runner Stop
2018-01-22 15:14:36,046 - taskMain - INFO - Thread Start
2018-01-22 15:15:39,251 - taskMain - INFO - Runner Stop
2018-01-22 15:22:04,517 - taskMain - INFO - Thread Start
2018-01-22 15:22:07,127 - taskMain - INFO - Runner Stop
2018-01-22 15:22:29,090 - taskMain - INFO - Thread Start
2018-01-22 15:23:07,357 - taskMain - INFO - Runner Stop
2018-01-22 15:27:23,641 - taskMain - INFO - Thread Start
2018-01-22 15:27:32,359 - taskMain - INFO - Runner Stop
2018-01-22 15:43:31,418 - taskMain - INFO - Thread Start
2018-01-22 15:43:34,927 - taskMain - INFO - Runner Stop
2018-01-22 15:44:04,646 - taskMain - INFO - Thread Start
2018-01-22 15:44:07,857 - taskMain - INFO - Runner Stop
2018-01-22 15:44:16,178 - taskMain - INFO - Thread Start
2018-01-22 15:44:16,784 - taskMain - INFO - Runner Stop
2018-01-22 15:44:29,156 - taskMain - INFO - Thread Start
2018-01-22 15:44:30,063 - taskMain - INFO - Runner Stop
2018-01-22 15:45:04,789 - taskMain - INFO - Thread Start
2018-01-22 15:45:05,897 - taskMain - INFO - Runner Stop
2018-01-22 15:45:20,178 - taskMain - INFO - Thread Start
2018-01-22 15:45:38,315 - taskMain - INFO - Runner Stop
2018-01-22 15:45:54,295 - taskMain - INFO - Thread Start
2018-01-22 15:46:06,017 - taskMain - INFO - Runner Stop
2018-01-22 15:46:10,955 - taskMain - INFO - Thread Start
2018-01-22 15:46:18,673 - taskMain - INFO - Runner Stop
2018-01-22 15:46:38,179 - taskMain - INFO - Thread Start
2018-01-22 15:46:39,487 - taskMain - INFO - Runner Stop
2018-01-22 15:46:47,125 - taskMain - INFO - Thread Start
2018-01-22 15:46:48,132 - taskMain - INFO - Runner Stop
2018-01-22 15:47:59,615 - taskMain - INFO - Thread Start
2018-01-22 15:48:05,531 - taskMain - INFO - Runner Stop
2018-01-22 15:51:52,004 - taskMain - INFO - Thread Start
2018-01-22 15:51:59,510 - taskMain - INFO - Thread Start
2018-01-22 15:52:50,970 - taskMain - INFO - Thread Start
2018-01-22 15:53:02,294 - taskMain - INFO - Runner Stop
2018-01-22 15:53:07,205 - taskMain - INFO - Thread Start
2018-01-22 15:53:25,642 - taskMain - INFO - Runner Stop
2018-01-22 15:57:16,211 - taskMain - INFO - Thread Start
2018-01-22 15:57:18,819 - taskMain - INFO - Runner Stop
2018-01-22 15:57:30,275 - taskMain - INFO - Thread Start
2018-01-22 15:57:31,580 - taskMain - INFO - Runner Stop
2018-01-22 15:57:37,377 - taskMain - INFO - Thread Start
2018-01-22 15:57:59,822 - taskMain - INFO - Runner Stop
2018-01-22 15:58:19,913 - taskMain - INFO - Thread Start
2018-01-22 15:58:56,184 - taskMain - INFO - Runner Stop
2018-01-22 15:59:30,770 - taskMain - INFO - Thread Start
2018-01-22 15:59:40,490 - taskMain - INFO - Runner Stop
2018-01-22 15:59:48,672 - taskMain - INFO - Thread Start
2018-01-22 16:00:37,461 - taskMain - INFO - Runner Stop
2018-01-22 16:00:46,382 - taskMain - INFO - Thread Start
2018-01-22 16:05:31,383 - taskMain - INFO - Runner Stop
2018-01-22 16:05:40,500 - taskMain - INFO - Thread Start
2018-01-22 16:05:48,621 - taskMain - INFO - Runner Stop
2018-01-22 16:05:59,176 - taskMain - INFO - Thread Start
2018-01-22 16:06:00,885 - taskMain - INFO - Runner Stop
2018-01-22 16:06:27,299 - taskMain - INFO - Thread Start
2018-01-22 16:06:46,740 - taskMain - INFO - Runner Stop
2018-01-22 16:06:53,580 - taskMain - INFO - Thread Start
2018-01-22 16:07:02,201 - taskMain - INFO - Runner Stop
2018-01-22 16:09:07,271 - taskMain - INFO - Thread Start
2018-01-22 16:09:09,879 - taskMain - INFO - Runner Stop
2018-01-22 16:09:19,482 - taskMain - INFO - Thread Start
2018-01-22 16:09:23,892 - taskMain - INFO - Runner Stop
2018-01-22 16:09:33,294 - taskMain - INFO - Thread Start
2018-01-22 16:09:35,301 - taskMain - INFO - Runner Stop
2018-01-22 16:09:43,350 - taskMain - INFO - Thread Start
2018-01-22 16:09:48,864 - taskMain - INFO - Runner Stop
2018-01-22 16:11:48,090 - taskMain - INFO - Thread Start
2018-01-22 16:12:23,555 - taskMain - INFO - Runner Stop
2018-01-22 16:12:44,343 - taskMain - INFO - Thread Start
2018-01-22 16:13:28,821 - taskMain - INFO - Runner Stop
2018-01-22 16:13:48,104 - taskMain - INFO - Thread Start
2018-01-22 16:14:32,586 - taskMain - INFO - Runner Stop
2018-01-22 16:21:48,676 - taskMain - INFO - Thread Start
2018-01-22 16:22:11,828 - taskMain - INFO - Runner Stop
2018-01-22 16:23:48,340 - taskMain - INFO - Thread Start
2018-01-22 16:23:54,957 - taskMain - INFO - Runner Stop
2018-01-22 16:24:05,841 - taskMain - INFO - Thread Start
2018-01-22 16:24:26,983 - taskMain - INFO - Runner Stop
2018-01-22 16:24:40,621 - taskMain - INFO - Thread Start
2018-01-22 16:24:56,857 - taskMain - INFO - Runner Stop
2018-01-22 16:25:08,101 - taskMain - INFO - Thread Start
2018-01-22 16:25:24,737 - taskMain - INFO - Runner Stop
2018-01-22 16:35:20,572 - taskMain - INFO - Thread Start
2018-01-22 16:36:19,572 - taskMain - INFO - Runner Stop
2018-01-22 16:38:15,852 - taskMain - INFO - Thread Start
2018-01-22 16:38:20,165 - taskMain - INFO - Runner Stop
2018-01-22 16:38:42,452 - taskMain - INFO - Thread Start
2018-01-22 16:38:52,774 - taskMain - INFO - Runner Stop
2018-01-22 16:39:03,067 - taskMain - INFO - Thread Start
2018-01-22 16:39:35,928 - taskMain - INFO - Runner Stop
2018-01-22 16:39:57,403 - taskMain - INFO - Thread Start
2018-01-22 16:43:18,300 - taskMain - INFO - Thread Start
2018-01-22 16:43:23,715 - taskMain - INFO - Runner Stop
2018-01-22 16:43:48,673 - taskMain - INFO - Thread Start
2018-01-22 16:44:23,242 - taskMain - INFO - Runner Stop
2018-01-22 16:46:34,369 - taskMain - INFO - Thread Start
2018-01-22 16:46:42,390 - taskMain - INFO - Runner Stop
2018-01-22 16:48:42,532 - taskMain - INFO - Thread Start
2018-01-22 16:48:47,444 - taskMain - INFO - Runner Stop
2018-01-22 16:48:57,616 - taskMain - INFO - Thread Start
2018-01-22 16:49:30,073 - taskMain - INFO - Runner Stop
2018-01-22 16:49:37,084 - taskMain - INFO - Thread Start
2018-01-22 16:50:02,334 - taskMain - INFO - Runner Stop
2018-01-22 16:50:17,163 - taskMain - INFO - Thread Start
2018-01-22 16:50:49,924 - taskMain - INFO - Runner Stop
2018-01-22 16:51:38,317 - taskMain - INFO - Thread Start
2018-01-22 16:51:59,854 - taskMain - INFO - Runner Stop
2018-01-22 16:52:57,246 - taskMain - INFO - Thread Start
2018-01-22 16:53:08,470 - taskMain - INFO - Runner Stop
2018-01-22 16:54:21,301 - taskMain - INFO - Thread Start
2018-01-22 16:54:40,439 - taskMain - INFO - Runner Stop
2018-01-22 16:55:31,947 - taskMain - INFO - Thread Start
2018-01-22 16:55:44,872 - taskMain - INFO - Runner Stop
2018-01-22 16:56:32,180 - taskMain - INFO - Thread Start
2018-01-22 16:56:35,992 - taskMain - INFO - Runner Stop
2018-01-22 16:56:42,411 - taskMain - INFO - Thread Start
2018-01-22 16:59:15,101 - taskMain - INFO - Runner Stop
2018-01-23 12:31:06,543 - taskMain - INFO - Thread Start
2018-01-23 12:31:24,789 - taskMain - INFO - Thread Start
2018-01-23 12:31:25,902 - taskMain - INFO - Runner Stop
2018-01-24 12:37:23,863 - taskMain - INFO - Thread Start
2018-01-24 12:37:26,586 - taskMain - INFO - Runner Stop
2018-01-24 12:38:09,544 - taskMain - INFO - Thread Start
2018-01-24 12:38:29,097 - taskMain - INFO - Thread Start
2018-01-24 12:39:35,166 - taskMain - INFO - Thread Start
2018-01-24 12:40:02,461 - taskMain - INFO - Thread Start
2018-01-24 12:42:12,585 - taskMain - INFO - Thread Start
2018-01-24 12:43:22,636 - taskMain - INFO - Thread Start
2018-01-24 12:44:30,754 - taskMain - INFO - Thread Start
2018-01-24 12:44:39,700 - taskMain - INFO - Runner Stop
2018-01-24 12:45:08,698 - taskMain - INFO - Thread Start
2018-01-24 12:45:19,848 - taskMain - INFO - Runner Stop
2018-01-24 12:45:46,564 - taskMain - INFO - Thread Start
2018-01-24 12:46:01,253 - taskMain - INFO - Thread Start
2018-01-24 12:47:31,320 - taskMain - INFO - Thread Start
2018-01-24 12:47:36,461 - taskMain - INFO - Runner Stop
2018-01-24 12:48:08,907 - taskMain - INFO - Thread Start
2018-01-24 12:48:09,938 - taskMain - INFO - Runner Stop
2018-01-24 12:49:23,995 - taskMain - INFO - Thread Start
2018-01-24 12:49:28,749 - taskMain - INFO - Runner Stop
2018-01-24 12:49:32,695 - taskMain - INFO - Thread Start
2018-01-24 12:49:37,930 - taskMain - INFO - Runner Stop
2018-01-24 12:51:32,334 - taskMain - INFO - Thread Start
2018-01-24 12:52:05,423 - taskMain - INFO - Runner Stop
2018-01-24 12:52:30,453 - taskMain - INFO - Thread Start
2018-01-24 12:52:47,812 - taskMain - INFO - Runner Stop
2018-01-24 12:53:19,904 - taskMain - INFO - Thread Start
2018-01-24 12:53:54,251 - taskMain - INFO - Runner Stop
2018-01-24 12:54:43,016 - taskMain - INFO - Thread Start
2018-01-24 12:56:00,431 - taskMain - INFO - Runner Stop
2018-01-24 12:58:06,548 - taskMain - INFO - Thread Start
2018-01-24 12:58:19,848 - taskMain - INFO - Runner Stop
2018-01-24 12:59:43,607 - taskMain - INFO - Thread Start
2018-01-24 12:59:58,805 - taskMain - INFO - Runner Stop
2018-01-24 13:01:41,413 - taskMain - INFO - Thread Start
2018-01-24 13:02:19,167 - taskMain - INFO - Runner Stop
2018-01-24 13:46:39,533 - taskMain - INFO - Thread Start
2018-01-24 13:46:41,991 - taskMain - INFO - Runner Stop
2018-01-24 13:46:55,838 - taskMain - INFO - Thread Start
2018-01-24 13:46:57,508 - taskMain - INFO - Runner Stop
2018-01-24 13:47:28,772 - taskMain - INFO - Thread Start
2018-01-24 13:47:56,866 - taskMain - INFO - Runner Stop
2018-01-24 13:49:49,520 - taskMain - INFO - Thread Start
2018-01-24 13:49:52,672 - taskMain - INFO - Runner Stop
2018-01-24 13:50:01,670 - taskMain - INFO - Thread Start
2018-01-24 13:50:06,046 - taskMain - INFO - Runner Stop
2018-01-24 13:50:11,684 - taskMain - INFO - Thread Start
2018-01-24 13:50:12,659 - taskMain - INFO - Runner Stop
2018-01-24 13:50:31,206 - taskMain - INFO - Thread Start
2018-01-24 13:50:34,075 - taskMain - INFO - Runner Stop
2018-01-24 13:51:58,056 - taskMain - INFO - Thread Start
2018-01-24 13:52:24,544 - taskMain - INFO - Runner Stop
2018-01-24 13:53:01,856 - taskMain - INFO - Thread Start
2018-01-24 13:53:15,264 - taskMain - INFO - Runner Stop
2018-01-24 13:53:56,379 - taskMain - INFO - Thread Start
2018-01-24 13:54:49,274 - taskMain - INFO - Thread Start
2018-01-24 13:54:52,776 - taskMain - INFO - Runner Stop
2018-01-24 13:55:02,223 - taskMain - INFO - Thread Start
2018-01-24 13:55:05,213 - taskMain - INFO - Runner Stop
2018-01-24 13:59:38,634 - taskMain - INFO - Thread Start
2018-01-24 13:59:41,126 - taskMain - INFO - Runner Stop
2018-01-24 14:00:57,032 - taskMain - INFO - Thread Start
2018-01-24 14:01:02,327 - taskMain - INFO - Runner Stop
2018-01-24 14:03:17,895 - taskMain - INFO - Thread Start
2018-01-24 14:03:20,684 - taskMain - INFO - Runner Stop
2018-01-24 14:17:12,924 - taskMain - INFO - Thread Start
2018-01-24 14:18:34,308 - taskMain - INFO - Thread Start
2018-01-24 14:18:37,617 - taskMain - INFO - Runner Stop
2018-01-24 14:18:46,050 - taskMain - INFO - Thread Start
2018-01-24 14:19:56,642 - taskMain - INFO - Runner Stop
2018-01-24 14:22:55,849 - taskMain - INFO - Thread Start
2018-01-24 14:23:00,444 - taskMain - INFO - Runner Stop
2018-01-24 14:25:50,069 - taskMain - INFO - Thread Start
2018-01-24 14:25:52,060 - taskMain - INFO - Runner Stop
2018-01-24 14:26:27,527 - taskMain - INFO - Thread Start
2018-01-24 14:26:32,221 - taskMain - INFO - Runner Stop
2018-01-24 14:29:00,338 - taskMain - INFO - Thread Start
2018-01-24 14:29:09,572 - taskMain - INFO - Runner Stop
2018-01-24 14:30:55,306 - taskMain - INFO - Thread Start
2018-01-24 14:30:57,643 - taskMain - INFO - Runner Stop
2018-01-24 14:31:57,496 - taskMain - INFO - Thread Start
2018-01-24 14:31:59,917 - taskMain - INFO - Runner Stop
2018-01-24 14:33:04,359 - taskMain - INFO - Thread Start
2018-01-24 14:33:10,486 - taskMain - INFO - Runner Stop
2018-01-24 14:36:22,471 - taskMain - INFO - Thread Start
2018-01-24 14:36:27,194 - taskMain - INFO - Runner Stop
2018-01-24 14:38:56,629 - taskMain - INFO - Thread Start
2018-01-24 14:39:00,958 - taskMain - INFO - Runner Stop
2018-01-24 14:41:44,943 - taskMain - INFO - Thread Start
2018-01-24 14:41:49,364 - taskMain - INFO - Runner Stop
2018-01-24 14:42:15,813 - taskMain - INFO - Thread Start
2018-01-24 14:42:19,845 - taskMain - INFO - Runner Stop
